// Jest Snapshot v1, https://goo.gl/fbAQLP

exports[`should render NotFoundPage correctly 1`] = `
<div>
  <h1>
    This Page Is Not Exist 404!
  </h1>
  <Link
    replace={false}
    to="/"
  >
    GO Home
  </Link>
</div>
`;
